// Jest Snapshot v1, https://goo.gl/fbAQLP

exports[`Layout/Nav Component matches snapshot 1`] = `
<nav
  className="navbar"
>
  <div
    className="contents"
  >
    <div
      className="segment home"
    >
      <a
        aria-labelledby="Site-Name"
        className="menuLink"
        href="/"
        onClick={[Function]}
      >
        <div
          data-testid="mock-logo"
        />
        <span
          id="Site-Name"
        >
          Tamsui
        </span>
      </a>
    </div>
    <div
      className="segment pages"
    >
      <a
        className="menuLink"
        href="/documentation"
        onClick={[Function]}
      >
        Documentation
      </a>
    </div>
    <div
      className="segment social"
    >
      <a
        href="https://github.com/chichiwang/tamsui"
        rel="noreferrer"
        target="_blank"
      >
        <img
          alt="Github logo"
          className="logo"
          src="/static/images/github-mark.svg"
        />
      </a>
    </div>
  </div>
  <div
    className="accentBarContainer"
  >
    <div
      className="accentBar slowSlide"
    />
  </div>
</nav>
`;
